###############################################################################
#
# IAR ELF Linker V8.11.1.13263/W32 for ARM                22/Jun/2017  16:49:50
# Copyright 2007-2017 IAR Systems AB.
#
#    Output file  =  
#        C:\Users\hp\OneDrive\demo\stm32f4_dis\eth_try\stm32\EWARM\eth_try\Exe\eth_try.out
#    Map file     =  
#        C:\Users\hp\OneDrive\demo\stm32f4_dis\eth_try\stm32\EWARM\eth_try\List\eth_try.map
#    Command line =  
#        -f C:\Users\hp\AppData\Local\Temp\EW9EF0.tmp
#        (C:\Users\hp\OneDrive\demo\stm32f4_dis\eth_try\stm32\EWARM\eth_try\Obj\cmsis_os.o
#        C:\Users\hp\OneDrive\demo\stm32f4_dis\eth_try\stm32\EWARM\eth_try\Obj\croutine.o
#        C:\Users\hp\OneDrive\demo\stm32f4_dis\eth_try\stm32\EWARM\eth_try\Obj\event_groups.o
#        C:\Users\hp\OneDrive\demo\stm32f4_dis\eth_try\stm32\EWARM\eth_try\Obj\freertos.o
#        C:\Users\hp\OneDrive\demo\stm32f4_dis\eth_try\stm32\EWARM\eth_try\Obj\heap_4.o
#        C:\Users\hp\OneDrive\demo\stm32f4_dis\eth_try\stm32\EWARM\eth_try\Obj\list.o
#        C:\Users\hp\OneDrive\demo\stm32f4_dis\eth_try\stm32\EWARM\eth_try\Obj\main.o
#        C:\Users\hp\OneDrive\demo\stm32f4_dis\eth_try\stm32\EWARM\eth_try\Obj\port.o
#        C:\Users\hp\OneDrive\demo\stm32f4_dis\eth_try\stm32\EWARM\eth_try\Obj\portasm.o
#        C:\Users\hp\OneDrive\demo\stm32f4_dis\eth_try\stm32\EWARM\eth_try\Obj\queue.o
#        C:\Users\hp\OneDrive\demo\stm32f4_dis\eth_try\stm32\EWARM\eth_try\Obj\startup_stm32f407xx.o
#        C:\Users\hp\OneDrive\demo\stm32f4_dis\eth_try\stm32\EWARM\eth_try\Obj\stm32f4xx_hal.o
#        C:\Users\hp\OneDrive\demo\stm32f4_dis\eth_try\stm32\EWARM\eth_try\Obj\stm32f4xx_hal_cortex.o
#        C:\Users\hp\OneDrive\demo\stm32f4_dis\eth_try\stm32\EWARM\eth_try\Obj\stm32f4xx_hal_dma.o
#        C:\Users\hp\OneDrive\demo\stm32f4_dis\eth_try\stm32\EWARM\eth_try\Obj\stm32f4xx_hal_dma_ex.o
#        C:\Users\hp\OneDrive\demo\stm32f4_dis\eth_try\stm32\EWARM\eth_try\Obj\stm32f4xx_hal_eth.o
#        C:\Users\hp\OneDrive\demo\stm32f4_dis\eth_try\stm32\EWARM\eth_try\Obj\stm32f4xx_hal_flash.o
#        C:\Users\hp\OneDrive\demo\stm32f4_dis\eth_try\stm32\EWARM\eth_try\Obj\stm32f4xx_hal_flash_ex.o
#        C:\Users\hp\OneDrive\demo\stm32f4_dis\eth_try\stm32\EWARM\eth_try\Obj\stm32f4xx_hal_flash_ramfunc.o
#        C:\Users\hp\OneDrive\demo\stm32f4_dis\eth_try\stm32\EWARM\eth_try\Obj\stm32f4xx_hal_gpio.o
#        C:\Users\hp\OneDrive\demo\stm32f4_dis\eth_try\stm32\EWARM\eth_try\Obj\stm32f4xx_hal_msp.o
#        C:\Users\hp\OneDrive\demo\stm32f4_dis\eth_try\stm32\EWARM\eth_try\Obj\stm32f4xx_hal_pwr.o
#        C:\Users\hp\OneDrive\demo\stm32f4_dis\eth_try\stm32\EWARM\eth_try\Obj\stm32f4xx_hal_pwr_ex.o
#        C:\Users\hp\OneDrive\demo\stm32f4_dis\eth_try\stm32\EWARM\eth_try\Obj\stm32f4xx_hal_rcc.o
#        C:\Users\hp\OneDrive\demo\stm32f4_dis\eth_try\stm32\EWARM\eth_try\Obj\stm32f4xx_hal_rcc_ex.o
#        C:\Users\hp\OneDrive\demo\stm32f4_dis\eth_try\stm32\EWARM\eth_try\Obj\stm32f4xx_it.o
#        C:\Users\hp\OneDrive\demo\stm32f4_dis\eth_try\stm32\EWARM\eth_try\Obj\system_stm32f4xx.o
#        C:\Users\hp\OneDrive\demo\stm32f4_dis\eth_try\stm32\EWARM\eth_try\Obj\tasks.o
#        C:\Users\hp\OneDrive\demo\stm32f4_dis\eth_try\stm32\EWARM\eth_try\Obj\timers.o
#        --redirect _Printf=_PrintfFull --redirect _Scanf=_ScanfFull -o
#        C:\Users\hp\OneDrive\demo\stm32f4_dis\eth_try\stm32\EWARM\eth_try\Exe\eth_try.out
#        --map
#        C:\Users\hp\OneDrive\demo\stm32f4_dis\eth_try\stm32\EWARM\eth_try\List\eth_try.map
#        --config
#        C:\Users\hp\OneDrive\demo\stm32f4_dis\eth_try\stm32\EWARM/stm32f407xx_flash.icf
#        --semihosting --entry __iar_program_start --vfe --text_out locale)
#
###############################################################################

*******************************************************************************
*** RUNTIME MODEL ATTRIBUTES
***

CppFlavor       = *
__SystemLibrary = DLib
__dlib_version  = 6


*******************************************************************************
*** HEAP SELECTION
***

The basic heap was selected because no calls to memory allocation
functions were found in the application outside of system library
functions, and there are calls to deallocation functions in the
application.


*******************************************************************************
*** PLACEMENT SUMMARY
***

"A0":  place at 0x08000000 { ro section .intvec };
"P1":  place in [from 0x08000000 to 0x080fffff] { ro };
"P2":  place in [from 0x20000000 to 0x2001ffff] { rw, block CSTACK, block HEAP };
initialize by copy { rw };

  Section            Kind        Address    Size  Object
  -------            ----        -------    ----  ------
"A0":                                      0x188
  .intvec            ro code  0x08000000   0x188  startup_stm32f407xx.o [1]
                            - 0x08000188   0x188

"P1":                                     0x1c98
  .text              ro code  0x08000188   0x54c  tasks.o [1]
  .text              ro code  0x080006d4   0x1b0  heap_4.o [1]
  .text              ro code  0x08000884    0x3a  ABImemset48.o [5]
  .text              ro code  0x080008be    0x8e  list.o [1]
  .text              ro code  0x0800094c   0x1a4  port.o [1]
  CODE               ro code  0x08000af0    0xa8  portasm.o [1]
  .text              ro code  0x08000b98   0x3d4  stm32f4xx_hal_eth.o [1]
  .text              ro code  0x08000f6c   0x120  stm32f4xx_hal_msp.o [1]
  .text              ro code  0x0800108c     0xc  stm32f4xx_hal.o [1]
  .text              ro code  0x08001098    0x1e  stm32f4xx_hal.o [1]
  .text              ro code  0x080010b8   0x1a8  stm32f4xx_hal_rcc.o [1]
  .text              ro code  0x08001260    0xc4  stm32f4xx_hal_cortex.o [1]
  .text              ro code  0x08001324   0x1d0  stm32f4xx_hal_gpio.o [1]
  .text              ro code  0x080014f4    0x28  stm32f4xx_hal.o [1]
  .text              ro code  0x0800151c   0x2d0  stm32f4xx_hal_rcc.o [1]
  .text              ro code  0x080017ec   0x1e8  main.o [1]
  .text              ro code  0x080019d4    0x34  stm32f4xx_hal.o [1]
  .text              ro code  0x08001a08    0x86  ABImemcpy.o [5]
  .text              ro code  0x08001a90    0x66  cmsis_os.o [1]
  .text              ro code  0x08001af8    0x60  system_stm32f4xx.o [1]
  .text              ro code  0x08001b58    0x40  zero_init3.o [5]
  .text              ro code  0x08001b98    0x2c  copy_init3.o [5]
  .text              ro code  0x08001bc4    0x28  data_init.o [5]
  .text              ro code  0x08001bec    0x22  fpinit_M.o [4]
  .iar.init_table    const    0x08001c10    0x24  - Linker created -
  .text              ro code  0x08001c34    0x1a  stm32f4xx_it.o [1]
  .text              ro code  0x08001c50    0x10  stm32f4xx_hal.o [1]
  .text              ro code  0x08001c60    0x1a  cmain.o [5]
  .text              ro code  0x08001c7a     0x4  low_level_init.o [3]
  .text              ro code  0x08001c7e     0x4  exit.o [3]
  .text              ro code  0x08001c84     0xa  cexit.o [5]
  .text              ro code  0x08001c90    0x14  exit.o [6]
  .text              ro code  0x08001ca4    0x10  startup_stm32f407xx.o [1]
  Initializer bytes  const    0x08001cb4    0x10  <for P2-1>
  .rodata            const    0x08001cc4     0xc  main.o [1]
  .text              ro code  0x08001cd0     0xc  cstartup_M.o [5]
  .text              ro code  0x08001cdc     0x4  startup_stm32f407xx.o [1]
  .text              ro code  0x08001ce0     0x4  startup_stm32f407xx.o [1]
  .text              ro code  0x08001ce4     0x4  startup_stm32f407xx.o [1]
  .text              ro code  0x08001ce8     0x4  startup_stm32f407xx.o [1]
  .text              ro code  0x08001cec     0x4  startup_stm32f407xx.o [1]
  .text              ro code  0x08001cf0     0x4  startup_stm32f407xx.o [1]
  .text              ro code  0x08001cf4     0x4  startup_stm32f407xx.o [1]
  .text              ro code  0x08001cf8     0x4  startup_stm32f407xx.o [1]
  .text              ro code  0x08001cfc     0x4  startup_stm32f407xx.o [1]
  .text              ro code  0x08001d00     0x4  startup_stm32f407xx.o [1]
  .text              ro code  0x08001d04     0x4  startup_stm32f407xx.o [1]
  .text              ro code  0x08001d08     0x4  startup_stm32f407xx.o [1]
  .text              ro code  0x08001d0c     0x4  startup_stm32f407xx.o [1]
  .text              ro code  0x08001d10     0x4  startup_stm32f407xx.o [1]
  .text              ro code  0x08001d14     0x4  startup_stm32f407xx.o [1]
  .text              ro code  0x08001d18     0x4  startup_stm32f407xx.o [1]
  .text              ro code  0x08001d1c     0x4  startup_stm32f407xx.o [1]
  .text              ro code  0x08001d20     0x4  startup_stm32f407xx.o [1]
  .text              ro code  0x08001d24     0x4  startup_stm32f407xx.o [1]
  .text              ro code  0x08001d28     0x4  startup_stm32f407xx.o [1]
  .text              ro code  0x08001d2c     0x4  startup_stm32f407xx.o [1]
  .text              ro code  0x08001d30     0x4  startup_stm32f407xx.o [1]
  .text              ro code  0x08001d34     0x4  startup_stm32f407xx.o [1]
  .text              ro code  0x08001d38     0x4  startup_stm32f407xx.o [1]
  .text              ro code  0x08001d3c     0x4  startup_stm32f407xx.o [1]
  .text              ro code  0x08001d40     0x4  startup_stm32f407xx.o [1]
  .text              ro code  0x08001d44     0x4  startup_stm32f407xx.o [1]
  .text              ro code  0x08001d48     0x4  startup_stm32f407xx.o [1]
  .text              ro code  0x08001d4c     0x4  startup_stm32f407xx.o [1]
  .text              ro code  0x08001d50     0x4  startup_stm32f407xx.o [1]
  .text              ro code  0x08001d54     0x4  startup_stm32f407xx.o [1]
  .text              ro code  0x08001d58     0x4  startup_stm32f407xx.o [1]
  .text              ro code  0x08001d5c     0x4  startup_stm32f407xx.o [1]
  .text              ro code  0x08001d60     0x4  startup_stm32f407xx.o [1]
  .text              ro code  0x08001d64     0x4  startup_stm32f407xx.o [1]
  .text              ro code  0x08001d68     0x4  startup_stm32f407xx.o [1]
  .text              ro code  0x08001d6c     0x4  startup_stm32f407xx.o [1]
  .text              ro code  0x08001d70     0x4  startup_stm32f407xx.o [1]
  .text              ro code  0x08001d74     0x4  startup_stm32f407xx.o [1]
  .text              ro code  0x08001d78     0x4  startup_stm32f407xx.o [1]
  .text              ro code  0x08001d7c     0x4  startup_stm32f407xx.o [1]
  .text              ro code  0x08001d80     0x4  startup_stm32f407xx.o [1]
  .text              ro code  0x08001d84     0x4  startup_stm32f407xx.o [1]
  .text              ro code  0x08001d88     0x4  startup_stm32f407xx.o [1]
  .text              ro code  0x08001d8c     0x4  startup_stm32f407xx.o [1]
  .text              ro code  0x08001d90     0x4  startup_stm32f407xx.o [1]
  .text              ro code  0x08001d94     0x4  startup_stm32f407xx.o [1]
  .text              ro code  0x08001d98     0x4  startup_stm32f407xx.o [1]
  .text              ro code  0x08001d9c     0x4  startup_stm32f407xx.o [1]
  .text              ro code  0x08001da0     0x4  startup_stm32f407xx.o [1]
  .text              ro code  0x08001da4     0x4  startup_stm32f407xx.o [1]
  .text              ro code  0x08001da8     0x4  startup_stm32f407xx.o [1]
  .text              ro code  0x08001dac     0x4  startup_stm32f407xx.o [1]
  .text              ro code  0x08001db0     0x4  startup_stm32f407xx.o [1]
  .text              ro code  0x08001db4     0x4  startup_stm32f407xx.o [1]
  .text              ro code  0x08001db8     0x4  startup_stm32f407xx.o [1]
  .text              ro code  0x08001dbc     0x4  startup_stm32f407xx.o [1]
  .text              ro code  0x08001dc0     0x4  startup_stm32f407xx.o [1]
  .text              ro code  0x08001dc4     0x4  startup_stm32f407xx.o [1]
  .text              ro code  0x08001dc8     0x4  startup_stm32f407xx.o [1]
  .text              ro code  0x08001dcc     0x4  startup_stm32f407xx.o [1]
  .text              ro code  0x08001dd0     0x4  startup_stm32f407xx.o [1]
  .text              ro code  0x08001dd4     0x4  startup_stm32f407xx.o [1]
  .text              ro code  0x08001dd8     0x4  startup_stm32f407xx.o [1]
  .text              ro code  0x08001ddc     0x4  startup_stm32f407xx.o [1]
  .text              ro code  0x08001de0     0x4  startup_stm32f407xx.o [1]
  .text              ro code  0x08001de4     0x4  startup_stm32f407xx.o [1]
  .text              ro code  0x08001de8     0x4  startup_stm32f407xx.o [1]
  .text              ro code  0x08001dec     0x4  startup_stm32f407xx.o [1]
  .text              ro code  0x08001df0     0x4  startup_stm32f407xx.o [1]
  .text              ro code  0x08001df4     0x4  startup_stm32f407xx.o [1]
  .text              ro code  0x08001df8     0x4  startup_stm32f407xx.o [1]
  .text              ro code  0x08001dfc     0x4  startup_stm32f407xx.o [1]
  .text              ro code  0x08001e00     0x4  startup_stm32f407xx.o [1]
  .text              ro code  0x08001e04     0x4  startup_stm32f407xx.o [1]
  .text              ro code  0x08001e08     0x4  startup_stm32f407xx.o [1]
  .text              ro code  0x08001e0c     0x4  startup_stm32f407xx.o [1]
  .text              ro code  0x08001e10     0x4  startup_stm32f407xx.o [1]
  .text              ro code  0x08001e14     0x4  startup_stm32f407xx.o [1]
  .text              ro code  0x08001e18     0x4  startup_stm32f407xx.o [1]
  .text              ro code  0x08001e1c     0x4  startup_stm32f407xx.o [1]
  .rodata            const    0x08001e20     0x0  zero_init3.o [5]
  .rodata            const    0x08001e20     0x0  copy_init3.o [5]
                            - 0x08001e20  0x1c98

"P2", part 1 of 3:                          0x10
  P2-1                        0x20000000    0x10  <Init block>
    .data            inited   0x20000000     0xc  port.o [1]
    .data            inited   0x2000000c     0x4  system_stm32f4xx.o [1]
                            - 0x20000010    0x10

"P2", part 2 of 3:                         0x400
  CSTACK                      0x20000010   0x400  <Block>
    CSTACK           uninit   0x20000010   0x400  <Block tail>
                            - 0x20000410   0x400

"P2", part 3 of 3:                        0x3d94
  .bss               zero     0x20000410  0x3c18  heap_4.o [1]
  .bss               zero     0x20004028    0xa0  tasks.o [1]
  .bss               zero     0x200040c8    0x8c  tasks.o [1]
  .bss               zero     0x20004154    0x4c  main.o [1]
  .bss               zero     0x200041a0     0x4  stm32f4xx_hal.o [1]
                            - 0x200041a4  0x3d94


*******************************************************************************
*** INIT TABLE
***

          Address     Size
          -------     ----
Zero (__iar_zero_init3)
    1 destination range, total size 0x3d94:
          0x20000410  0x3d94

Copy (__iar_copy_init3)
    1 source range, total size 0x10:
          0x08001cb4    0x10
    1 destination range, total size 0x10:
          0x20000000    0x10



*******************************************************************************
*** MODULE SUMMARY
***

    Module                  ro code  ro data  rw data
    ------                  -------  -------  -------
C:\Users\hp\OneDrive\demo\stm32f4_dis\eth_try\stm32\EWARM\eth_try\Obj: [1]
    cmsis_os.o                  102
    heap_4.o                    432            15 384
    list.o                      142
    main.o                      488       12       76
    port.o                      420       12       12
    portasm.o                   168
    startup_stm32f407xx.o       732
    stm32f4xx_hal.o             150                 4
    stm32f4xx_hal_cortex.o      196
    stm32f4xx_hal_eth.o         980
    stm32f4xx_hal_gpio.o        464
    stm32f4xx_hal_msp.o         288
    stm32f4xx_hal_rcc.o       1 144
    stm32f4xx_it.o               26
    system_stm32f4xx.o           96        4        4
    tasks.o                   1 356               300
    -------------------------------------------------
    Total:                    7 184       28   15 780

command line: [2]
    -------------------------------------------------
    Total:

dl7M_tlf.a: [3]
    exit.o                        4
    low_level_init.o              4
    -------------------------------------------------
    Total:                        8

m7M_tls.a: [4]
    fpinit_M.o                   34
    -------------------------------------------------
    Total:                       34

rt7M_tl.a: [5]
    ABImemcpy.o                 134
    ABImemset48.o                58
    cexit.o                      10
    cmain.o                      26
    copy_init3.o                 44
    cstartup_M.o                 12
    data_init.o                  40
    zero_init3.o                 64
    -------------------------------------------------
    Total:                      388

shb_l.a: [6]
    exit.o                       20
    -------------------------------------------------
    Total:                       20

    Gaps                         12        2
    Linker created                        36    1 024
-----------------------------------------------------
    Grand Total:              7 646       66   16 804


*******************************************************************************
*** ENTRY LIST
***

Entry                      Address    Size  Type      Object
-----                      -------    ----  ----      ------
.iar.init_table$$Base   0x08001c10           --   Gb  - Linker created -
.iar.init_table$$Limit  0x08001c34           --   Gb  - Linker created -
?main                   0x08001c61          Code  Gb  cmain.o [5]
AHBPrescTable           0x08001b48    0x10  Data  Gb  system_stm32f4xx.o [1]
BusFault_Handler        0x08001c3b     0x2  Code  Gb  stm32f4xx_it.o [1]
CSTACK$$Base            0x20000010           --   Gb  - Linker created -
CSTACK$$Limit           0x20000410           --   Gb  - Linker created -
DebugMon_Handler        0x08001c3f     0x2  Code  Gb  stm32f4xx_it.o [1]
ETH_MACDMAConfig        0x08000e47    0xec  Code  Lc  stm32f4xx_hal_eth.o [1]
HAL_Delay               0x08001099    0x1e  Code  Wk  stm32f4xx_hal.o [1]
HAL_ETH_Init            0x08000b99   0x1a8  Code  Gb  stm32f4xx_hal_eth.o [1]
HAL_ETH_MspInit         0x08000fcd    0x9e  Code  Gb  stm32f4xx_hal_msp.o [1]
HAL_ETH_ReadPHYRegister
                        0x08000d55    0x78  Code  Gb  stm32f4xx_hal_eth.o [1]
HAL_ETH_WritePHYRegister
                        0x08000dcd    0x6a  Code  Gb  stm32f4xx_hal_eth.o [1]
HAL_GPIO_Init           0x08001325   0x19a  Code  Gb  stm32f4xx_hal_gpio.o [1]
HAL_GPIO_WritePin       0x080014bf     0x8  Code  Gb  stm32f4xx_hal_gpio.o [1]
HAL_GetTick             0x0800108d     0xc  Code  Wk  stm32f4xx_hal.o [1]
HAL_IncTick             0x08001c51    0x10  Code  Wk  stm32f4xx_hal.o [1]
HAL_Init                0x080019d5    0x30  Code  Gb  stm32f4xx_hal.o [1]
HAL_InitTick            0x080014f5    0x28  Code  Wk  stm32f4xx_hal.o [1]
HAL_MspInit             0x08000f6d    0x60  Code  Gb  stm32f4xx_hal_msp.o [1]
HAL_NVIC_SetPriority    0x08001295    0x3a  Code  Gb  stm32f4xx_hal_cortex.o [1]
HAL_NVIC_SetPriorityGrouping
                        0x0800127b    0x1a  Code  Gb  stm32f4xx_hal_cortex.o [1]
HAL_RCC_ClockConfig     0x080010b9   0x12a  Code  Gb  stm32f4xx_hal_rcc.o [1]
HAL_RCC_GetHCLKFreq     0x080011f1     0x6  Code  Gb  stm32f4xx_hal_rcc.o [1]
HAL_RCC_OscConfig       0x0800151d   0x2d0  Code  Wk  stm32f4xx_hal_rcc.o [1]
HAL_SYSTICK_CLKSourceConfig
                        0x080012f7    0x1a  Code  Gb  stm32f4xx_hal_cortex.o [1]
HAL_SYSTICK_Config      0x080012cf    0x28  Code  Gb  stm32f4xx_hal_cortex.o [1]
HardFault_Handler       0x08001c37     0x2  Code  Gb  stm32f4xx_it.o [1]
MemManage_Handler       0x08001c39     0x2  Code  Gb  stm32f4xx_it.o [1]
NMI_Handler             0x08001c35     0x2  Code  Gb  stm32f4xx_it.o [1]
NVIC_SetPriority        0x08001261    0x1a  Code  Lc  stm32f4xx_hal_cortex.o [1]
PendSV_Handler          0x08000af1          Code  Gb  portasm.o [1]
Region$$Table$$Base     0x08001c10           --   Gb  - Linker created -
Region$$Table$$Limit    0x08001c34           --   Gb  - Linker created -
SVC_Handler             0x08000b49          Code  Gb  portasm.o [1]
StartDefaultTask        0x080019b5     0xa  Code  Gb  main.o [1]
SysTick_Handler         0x08001c41     0xe  Code  Gb  stm32f4xx_it.o [1]
SystemClock_Config      0x080018ed    0xae  Code  Gb  main.o [1]
SystemCoreClock         0x2000000c     0x4  Data  Gb  system_stm32f4xx.o [1]
SystemInit              0x08001af9    0x3a  Code  Gb  system_stm32f4xx.o [1]
UsageFault_Handler      0x08001c3d     0x2  Code  Gb  stm32f4xx_it.o [1]
__aeabi_memcpy4         0x08001a09          Code  Gb  ABImemcpy.o [5]
__aeabi_memcpy8         0x08001a09          Code  Gb  ABImemcpy.o [5]
__aeabi_memset4         0x08000885          Code  Gb  ABImemset48.o [5]
__aeabi_memset8         0x08000885          Code  Gb  ABImemset48.o [5]
__cmain                 0x08001c61          Code  Gb  cmain.o [5]
__exit                  0x08001c91    0x14  Code  Gb  exit.o [6]
__iar_Memset4_word      0x0800088d          Code  Gb  ABImemset48.o [5]
__iar_Memset8_word      0x0800088d          Code  Gb  ABImemset48.o [5]
__iar_copy_init3        0x08001b99    0x2c  Code  Gb  copy_init3.o [5]
__iar_data_init3        0x08001bc5    0x28  Code  Gb  data_init.o [5]
__iar_init_vfp          0x08001bed          Code  Gb  fpinit_M.o [4]
__iar_program_start     0x08001cd1          Code  Gb  cstartup_M.o [5]
__iar_systems$$module {Abs}
                        0x00000001          Data  Gb  command line/config [2]
__iar_zero_init3        0x08001b59    0x40  Code  Gb  zero_init3.o [5]
__low_level_init        0x08001c7b     0x4  Code  Gb  low_level_init.o [3]
__vector_table          0x08000000          Data  Gb  startup_stm32f407xx.o [1]
_call_main              0x08001c6d          Code  Gb  cmain.o [5]
_exit                   0x08001c85          Code  Gb  cexit.o [5]
_main                   0x08001c77          Code  Gb  cmain.o [5]
defaultTaskHandle       0x2000419c     0x4  Data  Gb  main.o [1]
exit                    0x08001c7f     0x4  Code  Gb  exit.o [3]
heth                    0x20004154    0x48  Data  Gb  main.o [1]
main                    0x080017ed   0x100  Code  Gb  main.o [1]
makeFreeRtosPriority    0x08001a91     0xc  Code  Lc  cmsis_os.o [1]
osDelay                 0x08001ad5     0xe  Code  Gb  cmsis_os.o [1]
osKernelStart           0x08001a9d     0xa  Code  Gb  cmsis_os.o [1]
osSystickHandler        0x08001ae3    0x14  Code  Gb  cmsis_os.o [1]
osThreadCreate          0x08001aa7    0x2e  Code  Gb  cmsis_os.o [1]
prvAddCurrentTaskToDelayedList
                        0x08000659    0x64  Code  Lc  tasks.o [1]
prvAddNewTaskToReadyList
                        0x0800026d    0xa8  Code  Lc  tasks.o [1]
prvDeleteTCB            0x080005c1    0x14  Code  Lc  tasks.o [1]
prvIdleTask             0x08000561    0x5a  Code  Lc  tasks.o [1]
prvInitialiseNewTask    0x080001e1    0x8c  Code  Lc  tasks.o [1]
prvInsertBlockIntoFreeList
                        0x08000839    0x46  Code  Lc  heap_4.o [1]
prvResetNextTaskUnblockTime
                        0x080005d5    0x1c  Code  Lc  tasks.o [1]
prvTaskExitError        0x08000975    0x28  Code  Lc  port.o [1]
pvPortMalloc            0x080006d5   0x104  Code  Gb  heap_4.o [1]
pxCurrentTCB            0x20004050     0x4  Data  Gb  tasks.o [1]
pxDelayedTaskList       0x20004054     0x4  Data  Lc  tasks.o [1]
pxEnd                   0x20000418     0x4  Data  Lc  heap_4.o [1]
pxOverflowDelayedTaskList
                        0x20004058     0x4  Data  Lc  tasks.o [1]
pxPortInitialiseStack   0x0800094d    0x26  Code  Gb  port.o [1]
pxReadyTasksLists       0x200040c8    0x8c  Data  Lc  tasks.o [1]
ucHeap                  0x20000428  0x3c00  Data  Lc  heap_4.o [1]
ucMaxSysCallPriority    0x20000000     0x1  Data  Lc  port.o [1]
ulMaxPRIGROUPValue      0x20000008     0x4  Data  Lc  port.o [1]
uwTick                  0x200041a0     0x4  Data  Gb  stm32f4xx_hal.o [1]
uxCriticalNesting       0x20000004     0x4  Data  Lc  port.o [1]
uxCurrentNumberOfTasks  0x20004074     0x4  Data  Lc  tasks.o [1]
uxDeletedTasksWaitingCleanUp
                        0x2000405c     0x4  Data  Lc  tasks.o [1]
uxListRemove            0x08000929    0x24  Code  Gb  list.o [1]
uxPendedTicks           0x20004084     0x4  Data  Lc  tasks.o [1]
uxSchedulerSuspended    0x20004098     0x4  Data  Lc  tasks.o [1]
uxTaskNumber            0x20004090     0x4  Data  Lc  tasks.o [1]
uxTopReadyPriority      0x2000407c     0x4  Data  Lc  tasks.o [1]
vListInitialise         0x080008bf    0x1a  Code  Gb  list.o [1]
vListInitialiseItem     0x080008d9     0x6  Code  Gb  list.o [1]
vListInsert             0x080008f7    0x32  Code  Gb  list.o [1]
vListInsertEnd          0x080008df    0x18  Code  Gb  list.o [1]
vPortEnableVFP          0x08000b7d          Code  Gb  portasm.o [1]
vPortEnterCritical      0x08000a39    0x32  Code  Gb  port.o [1]
vPortExitCritical       0x08000a6b    0x22  Code  Gb  port.o [1]
vPortFree               0x080007e7    0x44  Code  Gb  heap_4.o [1]
vPortStartFirstTask     0x08000b65          Code  Gb  portasm.o [1]
vTaskDelay              0x08000315    0x2a  Code  Gb  tasks.o [1]
vTaskStartScheduler     0x08000345    0x56  Code  Gb  tasks.o [1]
vTaskSuspendAll         0x0800039b     0xc  Code  Gb  tasks.o [1]
vTaskSwitchContext      0x0800050d    0x52  Code  Gb  tasks.o [1]
xBlockAllocatedBit      0x20000424     0x4  Data  Lc  heap_4.o [1]
xDelayedTaskList1       0x2000409c    0x14  Data  Lc  tasks.o [1]
xDelayedTaskList2       0x200040b0    0x14  Data  Lc  tasks.o [1]
xFreeBytesRemaining     0x2000041c     0x4  Data  Lc  heap_4.o [1]
xIdleTaskHandle         0x200040c4     0x4  Data  Lc  tasks.o [1]
xMinimumEverFreeBytesRemaining
                        0x20000420     0x4  Data  Lc  heap_4.o [1]
xNextTaskUnblockTime    0x20004094     0x4  Data  Lc  tasks.o [1]
xNumOfOverflows         0x2000408c     0x4  Data  Lc  tasks.o [1]
xPendingReadyList       0x20004028    0x14  Data  Lc  tasks.o [1]
xPortStartScheduler     0x0800099d    0x8a  Code  Gb  port.o [1]
xPortSysTickHandler     0x08000a8d    0x26  Code  Gb  port.o [1]
xSchedulerRunning       0x20004080     0x4  Data  Lc  tasks.o [1]
xStart                  0x20000410     0x8  Data  Lc  heap_4.o [1]
xSuspendedTaskList      0x20004060    0x14  Data  Lc  tasks.o [1]
xTaskCreate             0x08000189    0x58  Code  Gb  tasks.o [1]
xTaskGetSchedulerState  0x080005f1    0x18  Code  Gb  tasks.o [1]
xTaskIncrementTick      0x0800044b    0xc2  Code  Gb  tasks.o [1]
xTaskResumeAll          0x080003a7    0x9c  Code  Gb  tasks.o [1]
xTasksWaitingTermination
                        0x2000403c    0x14  Data  Lc  tasks.o [1]
xTickCount              0x20004078     0x4  Data  Lc  tasks.o [1]
xYieldPending           0x20004088     0x4  Data  Lc  tasks.o [1]


[1] = C:\Users\hp\OneDrive\demo\stm32f4_dis\eth_try\stm32\EWARM\eth_try\Obj
[2] = command line
[3] = dl7M_tlf.a
[4] = m7M_tls.a
[5] = rt7M_tl.a
[6] = shb_l.a

   7 646 bytes of readonly  code memory
      66 bytes of readonly  data memory
  16 804 bytes of readwrite data memory

Errors: none
Warnings: none
